// Jest Snapshot v1, https://goo.gl/fbAQLP

exports[`Should correctly render the loading page  1`] = `
<div
  className="Loader"
>
  <img
    className="loader__image"
    src="/images/loader.gif"
  />
</div>
`;
