// Jest Snapshot v1, https://goo.gl/fbAQLP

exports[`Should render header component  1`] = `
<div>
  <p>
    404!
  </p>
</div>
`;
